type: int32_t
1
2
1
4
2
4
2
8
4
8
4
16
8
16
8
16
2
4
4
4
4
8
4
16
8
16
8
16
0
0
0
0
