type: float
0.088235
-0.147059
0.088235
0.147059
-0.088235
0.147059
-0.088235
-0.147059
0.088235
-0.147059
