type: float
16.000000
27.000000
0.000000
0.000000
0.000000
