type: float
1.000000
1.000000
0.500000
1.500000
20.000000
