type: float
73.000000
206.500000
539.000000
1070.000000
