type: float
32.000000
32.000000
32.000000
32.000000
