type: float
96.000000
100.000000
104.000000
108.000000
