type: float
6.000000
42.000000
6.000000
78.000000
6.000000
114.000000
6.000000
150.000000
